// Jest Snapshot v1, https://goo.gl/fbAQLP

exports[`Directors renders correctly 1`] = `
{
  "asFragment": [Function],
  "baseElement": <body>
    <div>
      <div
        class="py-5"
      >
        <section>
          <h1
            class="text-center text-3xl font-bold text-black"
          >
            mockTranslate(DIRECTORS)
          </h1>
          <p
            class="text-center text-lg text-gray-600 my-4"
          >
            mockTranslate(DIRECTORS_DESCRIPTION)
          </p>
          <div
            class="directors flex items-center justify-center flex-wrap gap-10 my-20"
          >
            <div
              class=""
            >
              <div>
                <img
                  alt="Rao K Bhethanabotla"
                  class="rounded-2xl shadow-lg"
                  height="400"
                  src=""
                  width="300"
                />
              </div>
              <div
                class="text-left self-start w-full px-6"
              >
                <h2
                  class="flex gap-2 mt-5"
                >
                  <a
                    class="text-black font-bold text-xl"
                    href="https://www.linkedin.com/in/raobhethanabotla"
                    target="_blank"
                  >
                    Rao K Bhethanabotla
                  </a>
                </h2>
                <h3
                  class="flex gap-2"
                >
                  Founder, CEO, CTO, President
                </h3>
              </div>
            </div>
            <div
              class=""
            >
              <div>
                <img
                  alt="Ramesh Maturu"
                  class="rounded-2xl shadow-lg"
                  height="400"
                  src=""
                  width="300"
                />
              </div>
              <div
                class="text-left self-start w-full px-6"
              >
                <h2
                  class="flex gap-2 mt-5"
                >
                  <a
                    class="text-black font-bold text-xl"
                    href="https://www.linkedin.com/in/rameshmaturu/"
                    target="_blank"
                  >
                    Ramesh Maturu
                  </a>
                </h2>
                <h3
                  class="flex gap-2"
                >
                  Director
                </h3>
              </div>
            </div>
            <div
              class=""
            >
              <div>
                <img
                  alt="Rao Panuganti"
                  class="rounded-2xl shadow-lg"
                  height="400"
                  src=""
                  width="300"
                />
              </div>
              <div
                class="text-left self-start w-full px-6"
              >
                <h2
                  class="flex gap-2 mt-5"
                >
                  <a
                    class="text-black font-bold text-xl"
                    href="https://www.linkedin.com/in/rao-panuganti-654443/"
                    target="_blank"
                  >
                    Rao Panuganti
                  </a>
                </h2>
                <h3
                  class="flex gap-2"
                >
                  Director
                </h3>
              </div>
            </div>
            <div
              class=""
            >
              <div>
                <img
                  alt="Naveen Sharma"
                  class="rounded-2xl shadow-lg"
                  height="400"
                  src=""
                  width="300"
                />
              </div>
              <div
                class="text-left self-start w-full px-6"
              >
                <h2
                  class="flex gap-2 mt-5"
                >
                  <a
                    class="text-black font-bold text-xl"
                    href="https://www.linkedin.com/in/nsharma2/"
                    target="_blank"
                  >
                    Naveen Sharma
                  </a>
                </h2>
                <h3
                  class="flex gap-2"
                >
                  Director
                </h3>
              </div>
            </div>
            <div
              class=""
            >
              <div>
                <img
                  alt="Rajeshwary Jaldu"
                  class="rounded-2xl shadow-lg"
                  height="400"
                  src=""
                  width="300"
                />
              </div>
              <div
                class="text-left self-start w-full px-6"
              >
                <h2
                  class="flex gap-2 mt-5"
                >
                  <a
                    class="text-black font-bold text-xl"
                    href="https://www.linkedin.com/in/rajeshwary-jaldu/"
                    target="_blank"
                  >
                    Rajeshwary Jaldu
                  </a>
                </h2>
                <h3
                  class="flex gap-2"
                >
                  Director & Treasurer
                </h3>
              </div>
            </div>
          </div>
        </section>
        <section
          class="py-20"
        >
          <h1
            class="text-center text-3xl font-bold text-black"
          >
            mockTranslate(ADVISORS)
          </h1>
          <p
            class="text-center text-lg text-gray-600 my-4"
          >
            mockTranslate(ADVISORS_DESCRIPTION)
          </p>
          <div
            class="flex items-center justify-center flex-wrap gap-10 my-20"
          >
            <div
              class=""
            >
              <img
                alt="Madhukar Govindaraju"
                class="object-cover aspect-[2.5/3] rounded-xl"
                src=""
                width="250"
              />
              <div
                class="text-left self-start"
              >
                <h2
                  class="flex gap-2 mt-5"
                >
                  <a
                    class="text-black font-bold text-xl"
                    href="https://www.linkedin.com/in/madhukar/"
                    target="_blank"
                  >
                    Madhukar Govindaraju
                  </a>
                </h2>
                <h3
                  class="flex gap-2"
                >
                  Advisor
                </h3>
              </div>
            </div>
            <div
              class=""
            >
              <img
                alt="Sateesh Mucharla"
                class="object-cover aspect-[2.5/3] rounded-xl"
                src=""
                width="250"
              />
              <div
                class="text-left self-start"
              >
                <h2
                  class="flex gap-2 mt-5"
                >
                  <a
                    class="text-black font-bold text-xl"
                    href="https://www.linkedin.com/in/mucharla"
                    target="_blank"
                  >
                    Sateesh Mucharla
                  </a>
                </h2>
                <h3
                  class="flex gap-2"
                >
                  Advisor
                </h3>
              </div>
            </div>
          </div>
          <div
            class="flex flex-col items-center"
          >
            <h1
              class="text-center text-3xl font-bold text-black"
            >
              mockTranslate(Looking to join us?)
            </h1>
            <p
              class="text-center text-lg text-gray-600 my-4"
            >
              mockTranslate(Chat with our community and get in touch with our team!)
            </p>
            <button
              class="text-center bg-blue-500 hover:bg-blue-700 text-white px-4 py-2 my-2 rounded-2xl"
            >
              Join the community
            </button>
          </div>
        </section>
      </div>
    </div>
  </body>,
  "container": <div>
    <div
      class="py-5"
    >
      <section>
        <h1
          class="text-center text-3xl font-bold text-black"
        >
          mockTranslate(DIRECTORS)
        </h1>
        <p
          class="text-center text-lg text-gray-600 my-4"
        >
          mockTranslate(DIRECTORS_DESCRIPTION)
        </p>
        <div
          class="directors flex items-center justify-center flex-wrap gap-10 my-20"
        >
          <div
            class=""
          >
            <div>
              <img
                alt="Rao K Bhethanabotla"
                class="rounded-2xl shadow-lg"
                height="400"
                src=""
                width="300"
              />
            </div>
            <div
              class="text-left self-start w-full px-6"
            >
              <h2
                class="flex gap-2 mt-5"
              >
                <a
                  class="text-black font-bold text-xl"
                  href="https://www.linkedin.com/in/raobhethanabotla"
                  target="_blank"
                >
                  Rao K Bhethanabotla
                </a>
              </h2>
              <h3
                class="flex gap-2"
              >
                Founder, CEO, CTO, President
              </h3>
            </div>
          </div>
          <div
            class=""
          >
            <div>
              <img
                alt="Ramesh Maturu"
                class="rounded-2xl shadow-lg"
                height="400"
                src=""
                width="300"
              />
            </div>
            <div
              class="text-left self-start w-full px-6"
            >
              <h2
                class="flex gap-2 mt-5"
              >
                <a
                  class="text-black font-bold text-xl"
                  href="https://www.linkedin.com/in/rameshmaturu/"
                  target="_blank"
                >
                  Ramesh Maturu
                </a>
              </h2>
              <h3
                class="flex gap-2"
              >
                Director
              </h3>
            </div>
          </div>
          <div
            class=""
          >
            <div>
              <img
                alt="Rao Panuganti"
                class="rounded-2xl shadow-lg"
                height="400"
                src=""
                width="300"
              />
            </div>
            <div
              class="text-left self-start w-full px-6"
            >
              <h2
                class="flex gap-2 mt-5"
              >
                <a
                  class="text-black font-bold text-xl"
                  href="https://www.linkedin.com/in/rao-panuganti-654443/"
                  target="_blank"
                >
                  Rao Panuganti
                </a>
              </h2>
              <h3
                class="flex gap-2"
              >
                Director
              </h3>
            </div>
          </div>
          <div
            class=""
          >
            <div>
              <img
                alt="Naveen Sharma"
                class="rounded-2xl shadow-lg"
                height="400"
                src=""
                width="300"
              />
            </div>
            <div
              class="text-left self-start w-full px-6"
            >
              <h2
                class="flex gap-2 mt-5"
              >
                <a
                  class="text-black font-bold text-xl"
                  href="https://www.linkedin.com/in/nsharma2/"
                  target="_blank"
                >
                  Naveen Sharma
                </a>
              </h2>
              <h3
                class="flex gap-2"
              >
                Director
              </h3>
            </div>
          </div>
          <div
            class=""
          >
            <div>
              <img
                alt="Rajeshwary Jaldu"
                class="rounded-2xl shadow-lg"
                height="400"
                src=""
                width="300"
              />
            </div>
            <div
              class="text-left self-start w-full px-6"
            >
              <h2
                class="flex gap-2 mt-5"
              >
                <a
                  class="text-black font-bold text-xl"
                  href="https://www.linkedin.com/in/rajeshwary-jaldu/"
                  target="_blank"
                >
                  Rajeshwary Jaldu
                </a>
              </h2>
              <h3
                class="flex gap-2"
              >
                Director & Treasurer
              </h3>
            </div>
          </div>
        </div>
      </section>
      <section
        class="py-20"
      >
        <h1
          class="text-center text-3xl font-bold text-black"
        >
          mockTranslate(ADVISORS)
        </h1>
        <p
          class="text-center text-lg text-gray-600 my-4"
        >
          mockTranslate(ADVISORS_DESCRIPTION)
        </p>
        <div
          class="flex items-center justify-center flex-wrap gap-10 my-20"
        >
          <div
            class=""
          >
            <img
              alt="Madhukar Govindaraju"
              class="object-cover aspect-[2.5/3] rounded-xl"
              src=""
              width="250"
            />
            <div
              class="text-left self-start"
            >
              <h2
                class="flex gap-2 mt-5"
              >
                <a
                  class="text-black font-bold text-xl"
                  href="https://www.linkedin.com/in/madhukar/"
                  target="_blank"
                >
                  Madhukar Govindaraju
                </a>
              </h2>
              <h3
                class="flex gap-2"
              >
                Advisor
              </h3>
            </div>
          </div>
          <div
            class=""
          >
            <img
              alt="Sateesh Mucharla"
              class="object-cover aspect-[2.5/3] rounded-xl"
              src=""
              width="250"
            />
            <div
              class="text-left self-start"
            >
              <h2
                class="flex gap-2 mt-5"
              >
                <a
                  class="text-black font-bold text-xl"
                  href="https://www.linkedin.com/in/mucharla"
                  target="_blank"
                >
                  Sateesh Mucharla
                </a>
              </h2>
              <h3
                class="flex gap-2"
              >
                Advisor
              </h3>
            </div>
          </div>
        </div>
        <div
          class="flex flex-col items-center"
        >
          <h1
            class="text-center text-3xl font-bold text-black"
          >
            mockTranslate(Looking to join us?)
          </h1>
          <p
            class="text-center text-lg text-gray-600 my-4"
          >
            mockTranslate(Chat with our community and get in touch with our team!)
          </p>
          <button
            class="text-center bg-blue-500 hover:bg-blue-700 text-white px-4 py-2 my-2 rounded-2xl"
          >
            Join the community
          </button>
        </div>
      </section>
    </div>
  </div>,
  "debug": [Function],
  "findAllByAltText": [Function],
  "findAllByDisplayValue": [Function],
  "findAllByLabelText": [Function],
  "findAllByPlaceholderText": [Function],
  "findAllByRole": [Function],
  "findAllByTestId": [Function],
  "findAllByText": [Function],
  "findAllByTitle": [Function],
  "findByAltText": [Function],
  "findByDisplayValue": [Function],
  "findByLabelText": [Function],
  "findByPlaceholderText": [Function],
  "findByRole": [Function],
  "findByTestId": [Function],
  "findByText": [Function],
  "findByTitle": [Function],
  "getAllByAltText": [Function],
  "getAllByDisplayValue": [Function],
  "getAllByLabelText": [Function],
  "getAllByPlaceholderText": [Function],
  "getAllByRole": [Function],
  "getAllByTestId": [Function],
  "getAllByText": [Function],
  "getAllByTitle": [Function],
  "getByAltText": [Function],
  "getByDisplayValue": [Function],
  "getByLabelText": [Function],
  "getByPlaceholderText": [Function],
  "getByRole": [Function],
  "getByTestId": [Function],
  "getByText": [Function],
  "getByTitle": [Function],
  "queryAllByAltText": [Function],
  "queryAllByDisplayValue": [Function],
  "queryAllByLabelText": [Function],
  "queryAllByPlaceholderText": [Function],
  "queryAllByRole": [Function],
  "queryAllByTestId": [Function],
  "queryAllByText": [Function],
  "queryAllByTitle": [Function],
  "queryByAltText": [Function],
  "queryByDisplayValue": [Function],
  "queryByLabelText": [Function],
  "queryByPlaceholderText": [Function],
  "queryByRole": [Function],
  "queryByTestId": [Function],
  "queryByText": [Function],
  "queryByTitle": [Function],
  "rerender": [Function],
  "unmount": [Function],
}
`;
